// Jest Snapshot v1, https://goo.gl/fbAQLP

exports[`ClassMessageList Render with snapshot 1`] = `
<DocumentFragment>
  <div>
    <div>
      <p />
      <p
        data-text="Author: <Render>"
      >
        Author: &lt;Render&gt;
      </p>
    </div>
  </div>
</DocumentFragment>
`;
