// Jest Snapshot v1, https://goo.gl/fbAQLP

exports[`FuncInput Render with snapshot 1`] = `
<DocumentFragment>
  <div>
    <input
      type="text"
      value="Test"
    />
  </div>
</DocumentFragment>
`;
