// Jest Snapshot v1, https://goo.gl/fbAQLP

exports[`ClassDialogue Forming a empty message 1`] = `
<DocumentFragment>
  <section>
    <div>
      <div>
        <p
          data-text="Initialization..."
        >
          Initialization...
        </p>
        <p
          data-text="Author: <Admin>"
        >
          Author: &lt;Admin&gt;
        </p>
      </div>
    </div>
    <form>
      <div>
        <input
          type="text"
          value=""
        />
      </div>
      <button
        type="submit"
      >
        Send
      </button>
    </form>
  </section>
</DocumentFragment>
`;

exports[`ClassDialogue Render with snapshot 1`] = `
<DocumentFragment>
  <section>
    <div>
      <div>
        <p
          data-text="Initialization..."
        >
          Initialization...
        </p>
        <p
          data-text="Author: <Admin>"
        >
          Author: &lt;Admin&gt;
        </p>
      </div>
    </div>
    <form>
      <div>
        <input
          type="text"
          value=""
        />
      </div>
      <button
        type="submit"
      >
        Send
      </button>
    </form>
  </section>
</DocumentFragment>
`;
