// Jest Snapshot v1, https://goo.gl/fbAQLP

exports[`ClassMessage Render with snapshot 1`] = `
<DocumentFragment>
  <div>
    <p />
    <p
      data-text="Author: <undefined>"
    >
      Author: &lt;&gt;
    </p>
  </div>
</DocumentFragment>
`;
