// Jest Snapshot v1, https://goo.gl/fbAQLP

exports[`FuncMessage Render with snapshot 1`] = `
<DocumentFragment>
  <div>
    <p
      data-text="Test"
    >
      Test
    </p>
    <p
      data-text="Author: <Test>"
    >
      Author: &lt;Test&gt;
    </p>
  </div>
</DocumentFragment>
`;
